*****************************************************************
Pin Report - Date: Mon Dec 04 01:14:48 2023 Pinchecksum: NOT-AVAILABLE
Product: Designer
Release: v11.9
Version: 11.9.0.4
Design Name: hc02
Family: SmartFusion2
Die: M2S005
Package: 484 FBGA
*****************************************************************

Port |Pin |Fixed |Function   |Bank     |I/O Std   |Direction                      |I/O state in Flash*Freeze mode |Resistor Pull                      |I/O available in Flash*Freeze mode |Schmitt Trigger |Odt_Static    |Odt Imp (Ohm)  |Low Power Exit |Input Delay |Slew         |Pre-Emphasis      |Output Drive (mA) |Output Load (pF) |
-----|----|------|-----------|---------|----------|-------------------------------|-------------------------------|-----------------------------------|-----------------------------------|----------------|--------------|---------------|---------------|------------|-------------|------------------|------------------|-----------------|
a     L8   No     MSIOD68NB5  Bank5     LVCMOS25   Input                           TRISTATE                        None                                No                                  Off              ---            ---             Off             Off          ---           ---                ---                ---               
b     G1   No     MSIO63NB6   Bank6     LVCMOS25   Input                           TRISTATE                        None                                No                                  Off              ---            ---             Off             Off          ---           ---                ---                ---               
out   K6   No     MSIO66PB6   Bank6     LVCMOS25   Output                          TRISTATE                        None                                No                                  ---              ---            ---             ---             ---          SLOW          ---                4                  5                 
